// Jest Snapshot v1, https://goo.gl/fbAQLP

exports[`Title #render should match a snapshot 1`] = `
.c0 {
  font-family: Work Sans;
  font-size: 2.8rem;
  font-weight: 600;
  margin: 0;
  margin-bottom: 4rem;
  color: #1b31a8;
}

.c0 strong {
  font-weight: 600;
}

.c0 span {
  display: block;
  font-size: 1.5rem;
  font-weight: 400;
  margin-top: 0.4rem;
  color: #657786;
}

@media (min-width:1024px) {
  .c0 {
    margin: 0 0 4.5rem;
  }
}

<h1
  className="c0"
>
  test
</h1>
`;
