// Jest Snapshot v1, https://goo.gl/fbAQLP

exports[`Header #render should match a snapshot 1`] = `
.c0 {
  display: -webkit-box;
  display: -webkit-flex;
  display: -ms-flexbox;
  display: flex;
  -webkit-box-pack: center;
  -webkit-justify-content: center;
  -ms-flex-pack: center;
  justify-content: center;
  -webkit-align-items: center;
  -webkit-box-align: center;
  -ms-flex-align: center;
  align-items: center;
  background: #fff;
  height: 5.6rem;
  padding: 0;
  margin-bottom: 3rem;
}

@media (min-width:1024px) {
  .c0 {
    -webkit-box-pack: start;
    -webkit-justify-content: flex-start;
    -ms-flex-pack: start;
    justify-content: flex-start;
    padding: 0 4rem;
    margin-bottom: 4.5rem;
  }
}

<div
  className="c0"
>
  <svg
    height="2.3rem"
    width="7rem"
  >
    <use />
  </svg>
</div>
`;
