// Jest Snapshot v1, https://goo.gl/fbAQLP

exports[`Button #render should match a snapshot 1`] = `
.c0 {
  width: 100%;
  color: #fff;
  font-size: 1.8rem;
  border-radius: 30px;
  border: none;
  font-weight: 500;
  padding: 1.5rem;
  margin-top: 3.5rem;
  cursor: pointer;
  -webkit-transition: all 200ms linear;
  transition: all 200ms linear;
  background-color: #1b31a8;
  font-family: Work Sans;
}

.c0:hover {
  background-color: #192d98;
}

@media (min-width:1024px) {
  .c0 {
    max-width: 40rem;
    display: -webkit-box;
    display: -webkit-flex;
    display: -ms-flexbox;
    display: flex;
    -webkit-box-pack: center;
    -webkit-justify-content: center;
    -ms-flex-pack: center;
    justify-content: center;
    margin: 3rem auto 1.5rem;
  }
}

<button
  className="c0"
>
  test
</button>
`;
